E:\Users\Roniere Resende\Documents\Meus Documentos\Estudo de Tecnologias\NXP Microcontrollers\Projects\Test_NPX\CMSIS/core_cm0plus.h:741:22:__NVIC_EnableIRQ	16	static
../drivers/fsl_clock.h:424:20:CLOCK_EnableClock	24	static
../drivers/fsl_clock.h:435:20:CLOCK_DisableClock	24	static
../drivers/fsl_common.h:747:28:EnableIRQ	24	static
../drivers/fsl_i2c.h:385:20:I2C_Enable	16	static
../drivers/fsl_i2c.h:418:24:I2C_SlaveGetStatusFlags	16	static
../drivers/fsl_i2c.h:436:20:I2C_MasterClearStatusFlags	16	static
../drivers/fsl_i2c.h:471:20:I2C_SlaveClearStatusFlags	16	static
../drivers/fsl_i2c.c:146:10:I2C_GetInstance	24	static
../drivers/fsl_i2c.c:164:13:I2C_SetHoldTime	64	static
../drivers/fsl_i2c.c:232:17:I2C_InitTransferStateMachine	40	static
../drivers/fsl_i2c.c:310:17:I2C_CheckAndClearError	24	static
../drivers/fsl_i2c.c:334:17:I2C_MasterTransferRunStateMachine	48	static
../drivers/fsl_i2c.c:523:13:I2C_TransferCommonIRQHandler	24	static
../drivers/fsl_i2c.c:565:6:I2C_MasterInit	32	static
../drivers/fsl_i2c.c:633:6:I2C_MasterDeinit	16	static
../drivers/fsl_i2c.c:657:6:I2C_MasterGetDefaultConfig	16	static
../drivers/fsl_i2c.c:694:6:I2C_EnableInterrupts	24	static
../drivers/fsl_i2c.c:744:6:I2C_DisableInterrupts	16	static
../drivers/fsl_i2c.c:773:6:I2C_MasterSetBaudRate	56	static
../drivers/fsl_i2c.c:836:10:I2C_MasterStart	24	static
../drivers/fsl_i2c.c:884:10:I2C_MasterRepeatedStart	32	static
../drivers/fsl_i2c.c:943:10:I2C_MasterStop	24	static
../drivers/fsl_i2c.c:978:10:I2C_MasterGetStatusFlags	24	static
../drivers/fsl_i2c.c:1013:10:I2C_MasterWriteBlocking	32	static
../drivers/fsl_i2c.c:1117:10:I2C_MasterReadBlocking	32	static
../drivers/fsl_i2c.c:1239:10:I2C_MasterTransferBlocking	48	static
../drivers/fsl_i2c.c:1469:6:I2C_MasterTransferCreateHandle	32	static
../drivers/fsl_i2c.c:1510:10:I2C_MasterTransferNonBlocking	32	static
../drivers/fsl_i2c.c:1548:10:I2C_MasterTransferAbort	24	static
../drivers/fsl_i2c.c:1632:10:I2C_MasterTransferGetCount	24	static
../drivers/fsl_i2c.c:1652:6:I2C_MasterTransferHandleIRQ	40	static
../drivers/fsl_i2c.c:1723:6:I2C_SlaveInit	32	static
../drivers/fsl_i2c.c:1792:6:I2C_SlaveDeinit	16	static
../drivers/fsl_i2c.c:1815:6:I2C_SlaveGetDefaultConfig	16	static
../drivers/fsl_i2c.c:1856:10:I2C_SlaveWriteBlocking	40	static
../drivers/fsl_i2c.c:1915:10:I2C_SlaveReadBlocking	32	static
../drivers/fsl_i2c.c:2012:6:I2C_SlaveTransferCreateHandle	32	static
../drivers/fsl_i2c.c:2062:10:I2C_SlaveTransferNonBlocking	24	static
../drivers/fsl_i2c.c:2104:6:I2C_SlaveTransferAbort	16	static
../drivers/fsl_i2c.c:2130:10:I2C_SlaveTransferGetCount	24	static
../drivers/fsl_i2c.c:2158:6:I2C_SlaveTransferHandleIRQ	48	static
../drivers/fsl_i2c.c:2417:6:I2C0_DriverIRQHandler	8	static
../drivers/fsl_i2c.c:2425:6:I2C1_DriverIRQHandler	8	static
