E:\Users\Roniere Resende\Documents\Meus Documentos\Estudo de Tecnologias\NXP Microcontrollers\Projects\Test_NPX\CMSIS/core_cm0plus.h:741:22:__NVIC_EnableIRQ	16	static
E:\Users\Roniere Resende\Documents\Meus Documentos\Estudo de Tecnologias\NXP Microcontrollers\Projects\Test_NPX\CMSIS/core_cm0plus.h:832:22:__NVIC_ClearPendingIRQ	16	static
../drivers/fsl_clock.h:424:20:CLOCK_EnableClock	24	static
../drivers/fsl_common.h:747:28:EnableIRQ	24	static
../drivers/fsl_flexio.h:486:20:FLEXIO_EnableShifterStatusInterrupts	16	static
../drivers/fsl_flexio.h:499:20:FLEXIO_DisableShifterStatusInterrupts	16	static
../drivers/fsl_flexio.h:569:24:FLEXIO_GetShifterStatusFlags	16	static
../drivers/fsl_flexio.h:582:20:FLEXIO_ClearShifterStatusFlags	16	static
../drivers/fsl_flexio.h:593:24:FLEXIO_GetShifterErrorFlags	16	static
../drivers/fsl_flexio.h:606:20:FLEXIO_ClearShifterErrorFlags	16	static
../drivers/fsl_flexio_uart.h:347:20:FLEXIO_UART_WriteByte	16	static
../drivers/fsl_flexio_uart.h:361:20:FLEXIO_UART_ReadByte	16	static
../drivers/fsl_flexio_uart.c:54:17:FLEXIO_UART_GetInstance	16	static
../drivers/fsl_flexio_uart.c:59:15:FLEXIO_UART_TransferGetRxRingBufferLength	24	static
../drivers/fsl_flexio_uart.c:77:13:FLEXIO_UART_TransferIsRxRingBufferFull	24	static
../drivers/fsl_flexio_uart.c:124:10:FLEXIO_UART_Init	104	static
../drivers/fsl_flexio_uart.c:260:6:FLEXIO_UART_Deinit	16	static
../drivers/fsl_flexio_uart.c:290:6:FLEXIO_UART_GetDefaultConfig	16	static
../drivers/fsl_flexio_uart.c:315:6:FLEXIO_UART_EnableInterrupts	16	static
../drivers/fsl_flexio_uart.c:335:6:FLEXIO_UART_DisableInterrupts	16	static
../drivers/fsl_flexio_uart.c:354:10:FLEXIO_UART_GetStatusFlags	24	static
../drivers/fsl_flexio_uart.c:379:6:FLEXIO_UART_ClearStatusFlags	16	static
../drivers/fsl_flexio_uart.c:406:10:FLEXIO_UART_WriteBlocking	24	static
../drivers/fsl_flexio_uart.c:449:10:FLEXIO_UART_ReadBlocking	24	static
../drivers/fsl_flexio_uart.c:501:10:FLEXIO_UART_TransferCreateHandle	40	static
../drivers/fsl_flexio_uart.c:547:6:FLEXIO_UART_TransferStartRingBuffer	24	static
../drivers/fsl_flexio_uart.c:575:6:FLEXIO_UART_TransferStopRingBuffer	16	static
../drivers/fsl_flexio_uart.c:607:10:FLEXIO_UART_TransferSendNonBlocking	32	static
../drivers/fsl_flexio_uart.c:649:6:FLEXIO_UART_TransferAbortSend	16	static
../drivers/fsl_flexio_uart.c:669:10:FLEXIO_UART_TransferGetSendCount	24	static
../drivers/fsl_flexio_uart.c:709:10:FLEXIO_UART_TransferReceiveNonBlocking	56	static
../drivers/fsl_flexio_uart.c:834:6:FLEXIO_UART_TransferAbortReceive	16	static
../drivers/fsl_flexio_uart.c:858:10:FLEXIO_UART_TransferGetReceiveCount	24	static
../drivers/fsl_flexio_uart.c:881:6:FLEXIO_UART_TransferHandleIRQ	48	static
