E:\Users\Roniere Resende\Documents\Meus Documentos\Estudo de Tecnologias\NXP Microcontrollers\Projects\Test_NPX\CMSIS/core_cm0plus.h:741:22:__NVIC_EnableIRQ	16	static
../drivers/fsl_clock.h:424:20:CLOCK_EnableClock	24	static
../drivers/fsl_clock.h:435:20:CLOCK_DisableClock	24	static
../drivers/fsl_common.h:747:28:EnableIRQ	24	static
../drivers/fsl_dma.h:345:20:DMA_EnableInterrupts	16	static
../drivers/fsl_dma.h:476:20:DMA_ClearChannelStatusFlags	24	static
../drivers/fsl_dma.c:52:17:DMA_GetInstance	24	static
../drivers/fsl_dma.c:77:6:DMA_Init	16	static
../drivers/fsl_dma.c:91:6:DMA_Deinit	16	static
../drivers/fsl_dma.c:107:6:DMA_ResetChannel	16	static
../drivers/fsl_dma.c:145:6:DMA_SetTransferConfig	32	static
../drivers/fsl_dma.c:181:6:DMA_SetChannelLinkConfig	32	static
../drivers/fsl_dma.c:206:6:DMA_SetModulo	32	static
../drivers/fsl_dma.c:229:6:DMA_CreateHandle	32	static
../drivers/fsl_dma.c:268:6:DMA_PrepareTransferConfig	24	static
../drivers/fsl_dma.c:333:6:DMA_PrepareTransfer	56	static
../drivers/fsl_dma.c:379:6:DMA_SetCallback	24	static
../drivers/fsl_dma.c:400:10:DMA_SubmitTransfer	24	static
../drivers/fsl_dma.c:427:6:DMA_AbortTransfer	16	static
../drivers/fsl_dma.c:444:6:DMA_HandleIRQ	16	static
../drivers/fsl_dma.c:458:6:DMA0_DriverIRQHandler	8	static
../drivers/fsl_dma.c:465:6:DMA1_DriverIRQHandler	8	static
../drivers/fsl_dma.c:472:6:DMA2_DriverIRQHandler	8	static
../drivers/fsl_dma.c:479:6:DMA3_DriverIRQHandler	8	static
