E:\Users\Roniere Resende\Documents\Meus Documentos\Estudo de Tecnologias\NXP Microcontrollers\Projects\Test_NPX\drivers/fsl_gpio.h:162:20:GPIO_PinWrite	32	static
E:\Users\Roniere Resende\Documents\Meus Documentos\Estudo de Tecnologias\NXP Microcontrollers\Projects\Test_NPX\drivers/fsl_gpio.h:204:20:GPIO_PortToggle	16	static
E:\Users\Roniere Resende\Documents\Meus Documentos\Estudo de Tecnologias\NXP Microcontrollers\Projects\Test_NPX\drivers/fsl_gpio.h:223:24:GPIO_PinRead	16	static
E:\Users\Roniere Resende\Documents\Meus Documentos\Estudo de Tecnologias\NXP Microcontrollers\Projects\Test_NPX\drivers/fsl_lptmr.h:339:20:LPTMR_StartTimer	24	static
../Project/Src/Test_NXP/Test_NPX.c:5:6:Test_NXP_Main	8	static
../Project/Src/Test_NXP/Test_NPX.c:47:6:Test_NXP_Init	8	static
