E:\Users\Roniere Resende\Documents\Meus Documentos\Estudo de Tecnologias\NXP Microcontrollers\Projects\Test_NPX\CMSIS/core_cm0plus.h:741:22:__NVIC_EnableIRQ	16	static
E:\Users\Roniere Resende\Documents\Meus Documentos\Estudo de Tecnologias\NXP Microcontrollers\Projects\Test_NPX\drivers/fsl_common.h:747:28:EnableIRQ	24	static
E:\Users\Roniere Resende\Documents\Meus Documentos\Estudo de Tecnologias\NXP Microcontrollers\Projects\Test_NPX\drivers/fsl_lptmr.h:183:20:LPTMR_EnableInterrupts	24	static
E:\Users\Roniere Resende\Documents\Meus Documentos\Estudo de Tecnologias\NXP Microcontrollers\Projects\Test_NPX\drivers/fsl_lptmr.h:295:20:LPTMR_SetTimerPeriod	16	static
../board/peripherals.c:99:13:GPIOD_init	8	static
../board/peripherals.c:148:13:LPTMR0_init	8	static
../board/peripherals.c:162:6:BOARD_InitPeripherals	8	static
../board/peripherals.c:172:6:BOARD_InitBootPeripherals	8	static
