E:\Users\Roniere Resende\Documents\Meus Documentos\Estudo de Tecnologias\NXP Microcontrollers\Projects\Test_NPX\drivers/fsl_clock.h:424:20:CLOCK_EnableClock	24	static
E:\Users\Roniere Resende\Documents\Meus Documentos\Estudo de Tecnologias\NXP Microcontrollers\Projects\Test_NPX\drivers/fsl_port.h:243:20:PORT_SetPinConfig	32	static
E:\Users\Roniere Resende\Documents\Meus Documentos\Estudo de Tecnologias\NXP Microcontrollers\Projects\Test_NPX\drivers/fsl_port.h:346:20:PORT_SetPinMux	24	static
../board/pin_mux.c:96:6:BOARD_InitBootPins	8	static
../board/pin_mux.c:126:6:BOARD_InitPins	32	static
../board/pin_mux.c:219:6:BOARD_InitLEDsPins	32	static
../board/pin_mux.c:307:6:BOARD_InitButtonsPins	24	static
../board/pin_mux.c:375:6:BOARD_InitTSIPins	16	static
../board/pin_mux.c:454:6:BOARD_InitUSBPins	8	static
../board/pin_mux.c:520:6:BOARD_InitACCEL_I2CPins	16	static
../board/pin_mux.c:606:6:BOARD_InitMAGNET_I2CPins	24	static
../board/pin_mux.c:683:6:BOARD_InitDEBUG_UARTPins	16	static
../board/pin_mux.c:745:6:BOARD_InitTHERPins	16	static
../board/pin_mux.c:821:6:BOARD_InitOSCPins	8	static
