../utilities/fsl_debug_console.c:357:10:DbgConsole_ReadOneCharacter	32	static
../utilities/fsl_debug_console.c:428:5:DbgConsole_SendData	24	static
../utilities/fsl_debug_console.c:495:5:DbgConsole_SendDataReliable	32	static
../utilities/fsl_debug_console.c:571:5:DbgConsole_ReadLine	24	static
../utilities/fsl_debug_console.c:637:5:DbgConsole_ReadCharacter	24	static
../utilities/fsl_debug_console.c:674:13:DbgConsole_PrintCallback	32	static
../utilities/fsl_debug_console.c:719:10:DbgConsole_Init	72	static
../utilities/fsl_debug_console.c:871:10:DbgConsole_EnterLowpower	24	static
../utilities/fsl_debug_console.c:882:10:DbgConsole_ExitLowpower	24	static
../utilities/fsl_debug_console.c:893:10:DbgConsole_Deinit	8	static
../utilities/fsl_debug_console.c:932:40:DbgConsole_Flush	8	static
../utilities/fsl_debug_console.c:971:5:DbgConsole_Printf	168	static
../utilities/fsl_debug_console.c:991:5:DbgConsole_Putchar	16	static
../utilities/fsl_debug_console.c:998:5:DbgConsole_Scanf	40	static
../utilities/fsl_debug_console.c:1016:5:DbgConsole_BlockingPrintf	160	static
../utilities/fsl_debug_console.c:1088:5:DbgConsole_Getchar	16	static
